Godot Engine v4.7.stable.official.5b4e0cb0f - https://godotengine.org

ERROR: Failed to read the root certificate store.
   at: get_system_ca_certificates (platform/windows/os_windows.cpp:2582)
[   0% ] first_scan_filesystem | Started Project initialization (5 steps)
[   0% ] first_scan_filesystem | Scanning file structure...
[  16% ] first_scan_filesystem | Loading global class names...
[  33% ] first_scan_filesystem | Verifying GDExtensions...
[  50% ] first_scan_filesystem | Creating autoload scripts...
[  66% ] first_scan_filesystem | Initializing plugins...
[  83% ] first_scan_filesystem | Starting file scan...
[ DONE ] first_scan_filesystem

[   0% ] update_scripts_classes | Started Registering global classes... (12 steps)
[   0% ] update_scripts_classes | PlayerInteractor
[   7% ] update_scripts_classes | 
[  15% ] update_scripts_classes | 
[  23% ] update_scripts_classes | WorldPresentation
[  30% ] update_scripts_classes | 
[  38% ] update_scripts_classes | 
[  46% ] update_scripts_classes | 
[  53% ] update_scripts_classes | 
[  61% ] update_scripts_classes | 
[  69% ] update_scripts_classes | 
[  76% ] update_scripts_classes | 
[  84% ] update_scripts_classes | 
[ DONE ] update_scripts_classes

[   0% ] _update_scan_actions | Started Scanning actions... (19 steps)
[   0% ] _update_scan_actions | click.wav
[   5% ] _update_scan_actions | craft.wav
[  10% ] _update_scan_actions | harvest.wav
[  15% ] _update_scan_actions | hurt.wav
[  20% ] _update_scan_actions | reload.wav
[  25% ] _update_scan_actions | rotor.wav
[  30% ] _update_scan_actions | shot.wav
[  35% ] _update_scan_actions | unlock.wav
[  40% ] _update_scan_actions | wind.wav
[  45% ] _update_scan_actions | fire_ammo.svg
[  50% ] _update_scan_actions | fire_essence.svg
[  55% ] _update_scan_actions | ice_ammo.svg
[  60% ] _update_scan_actions | ice_crystal.svg
[  65% ] _update_scan_actions | poison_ammo.svg
[  70% ] _update_scan_actions | poison_extract.svg
[  75% ] _update_scan_actions | seed_fire_pepper.svg
[  80% ] _update_scan_actions | seed_ice_plant.svg
[  85% ] _update_scan_actions | seed_poison_plant.svg
[  90% ] _update_scan_actions | menu_landscape.svg
[ DONE ] _update_scan_actions

[   0% ] reimport | Started (Re)Importing Assets (19 steps)
[   0% ] reimport | Preparing files to reimport...
[   5% ] reimport | Preparing files to reimport...
[  10% ] reimport | Preparing files to reimport...
[  15% ] reimport | Preparing files to reimport...
[  20% ] reimport | Preparing files to reimport...
[  25% ] reimport | Preparing files to reimport...
[  30% ] reimport | Preparing files to reimport...
[  35% ] reimport | Preparing files to reimport...
[  40% ] reimport | Preparing files to reimport...
[  45% ] reimport | Preparing files to reimport...
[  50% ] reimport | Preparing files to reimport...
[  55% ] reimport | Preparing files to reimport...
[  60% ] reimport | Preparing files to reimport...
[  65% ] reimport | Preparing files to reimport...
[  70% ] reimport | Preparing files to reimport...
[  75% ] reimport | Preparing files to reimport...
[  80% ] reimport | Preparing files to reimport...
[  85% ] reimport | Preparing files to reimport...
[  90% ] reimport | Preparing files to reimport...
[   0% ] reimport | Executing pre-reimport operations...
[   0% ] reimport | menu_landscape.svg
[   5% ] reimport | seed_poison_plant.svg
[  10% ] reimport | seed_ice_plant.svg
[  15% ] reimport | seed_fire_pepper.svg
[  20% ] reimport | poison_extract.svg
[  25% ] reimport | poison_ammo.svg
[  30% ] reimport | ice_crystal.svg
[  35% ] reimport | ice_ammo.svg
[  40% ] reimport | fire_essence.svg
[  45% ] reimport | fire_ammo.svg
[  50% ] reimport | menu_landscape.svg
[  55% ] reimport | seed_poison_plant.svg
[  60% ] reimport | seed_ice_plant.svg
[  65% ] reimport | seed_fire_pepper.svg
[  70% ] reimport | poison_extract.svg
[  75% ] reimport | poison_ammo.svg
[  80% ] reimport | ice_crystal.svg
[  85% ] reimport | ice_ammo.svg
[  90% ] reimport | fire_essence.svg
[  95% ] reimport | Finalizing Asset Import...
[ DONE ] reimport

[   0% ] reimport | Started (Re)Importing Assets (19 steps)
[   0% ] reimport | Executing post-reimport operations...
[ DONE ] reimport

[   0% ] loading_editor_layout | Started Loading editor (5 steps)
[   0% ] loading_editor_layout | Loading editor layout...
[  16% ] loading_editor_layout | Loading docks...
[  33% ] loading_editor_layout | Reopening scenes...
[  50% ] loading_editor_layout | Loading central editor layout...
[  66% ] loading_editor_layout | Loading plugin window layout...
[  83% ] loading_editor_layout | Editor layout ready.
[ DONE ] loading_editor_layout

