Godot Engine v4.7.stable.official.5b4e0cb0f - https://godotengine.org

ERROR: Failed to read the root certificate store.
   at: get_system_ca_certificates (platform/windows/os_windows.cpp:2582)
PASS: campaign dawn 1
PASS: wheel selects seed_lead
PASS: campaign follows walkable route to (-4.0, 0.025, 2.9)
Planted Lead Plant.
PASS: campaign plants finite seed
PASS: wheel selects seed_lead
PASS: campaign follows walkable route to (-6.6, 0.025, 2.9)
Planted Lead Plant.
PASS: campaign plants finite seed
PASS: wheel selects seed_lead
PASS: campaign follows walkable route to (-9.2, 0.025, 2.9)
Planted Lead Plant.
PASS: campaign plants finite seed
PASS: wheel selects seed_paper
PASS: campaign follows walkable route to (-11.8, 0.025, 2.9)
Planted Paper Plant.
PASS: campaign plants finite seed
PASS: wheel selects seed_paper
PASS: campaign follows walkable route to (-4.0, 0.025, 5.5)
Planted Paper Plant.
PASS: campaign plants finite seed
PASS: wheel selects seed_paper
PASS: campaign follows walkable route to (-6.6, 0.025, 5.5)
Planted Paper Plant.
PASS: campaign plants finite seed
PASS: wheel selects seed_copper
PASS: campaign follows walkable route to (-9.2, 0.025, 5.5)
Planted Copper Plant.
PASS: campaign plants finite seed
PASS: wheel selects seed_copper
PASS: campaign follows walkable route to (-11.8, 0.025, 5.5)
Planted Copper Plant.
PASS: campaign plants finite seed
PASS: wheel selects seed_copper
PASS: campaign follows walkable route to (-4.0, 0.025, 8.099999)
Planted Copper Plant.
PASS: campaign plants finite seed
PASS: campaign follows walkable route to (-4.0, 0.025, 2.9)
Harvested Lead x2.
PASS: campaign harvests naturally
PASS: campaign follows walkable route to (-6.6, 0.025, 2.9)
Harvested Lead x2.
PASS: campaign harvests naturally
PASS: campaign follows walkable route to (-9.2, 0.025, 2.9)
Harvested Lead x2.
PASS: campaign harvests naturally
PASS: campaign follows walkable route to (-11.8, 0.025, 2.9)
Harvested Paper x3.
PASS: campaign harvests naturally
PASS: campaign follows walkable route to (-4.0, 0.025, 5.5)
Harvested Paper x3.
PASS: campaign harvests naturally
PASS: campaign follows walkable route to (-6.6, 0.025, 5.5)
Harvested Paper x3.
PASS: campaign harvests naturally
PASS: campaign follows walkable route to (-9.2, 0.025, 5.5)
Harvested Copper x2.
PASS: campaign harvests naturally
PASS: campaign follows walkable route to (-11.8, 0.025, 5.5)
Harvested Copper x2.
PASS: campaign harvests naturally
PASS: campaign follows walkable route to (-4.0, 0.025, 8.099999)
Harvested Copper x2.
PASS: campaign harvests naturally
PASS: campaign follows walkable route to (-4.5, 0.0, 0.1)
Workbench opened
PASS: campaign follows walkable route to (10.0, 0.0, 10.0)
CAMPAIGN_DAY {"ammo_before":60,"cleared":true,"damage":0.0,"day":1,"hp":100.0,"magazine":9,"medicine":0,"nodes":854,"reserve":10,"resources_after":{"copper":0,"lead":0,"paper":3,"seed_copper":0,"seed_lead":0,"seed_paper":0,"small_herb":0},"resources_before":{"copper":0,"lead":0,"paper":3,"seed_copper":0,"seed_lead":0,"seed_paper":0,"small_herb":0},"shots":41,"weapon":"Basic Rifle","zombies":6}
PASS: finite resource campaign survives Night 1
PASS: campaign follows walkable route to (-9.0, 0.0, -2.5)
PASS: campaign follows walkable route to (-9.0, 0.0, -6.5)
Resting until morning...
PASS: campaign dawn 2
PASS: wheel selects seed_lead
PASS: campaign follows walkable route to (-4.0, 0.025, 2.9)
Planted Lead Plant.
PASS: campaign plants finite seed
PASS: wheel selects seed_lead
PASS: campaign follows walkable route to (-6.6, 0.025, 2.9)
Planted Lead Plant.
PASS: campaign plants finite seed
PASS: wheel selects seed_lead
PASS: campaign follows walkable route to (-9.2, 0.025, 2.9)
Planted Lead Plant.
PASS: campaign plants finite seed
PASS: wheel selects seed_paper
PASS: campaign follows walkable route to (-11.8, 0.025, 2.9)
Planted Paper Plant.
PASS: campaign plants finite seed
PASS: wheel selects seed_paper
PASS: campaign follows walkable route to (-4.0, 0.025, 5.5)
Planted Paper Plant.
PASS: campaign plants finite seed
PASS: wheel selects seed_paper
PASS: campaign follows walkable route to (-6.6, 0.025, 5.5)
Planted Paper Plant.
PASS: campaign plants finite seed
PASS: wheel selects seed_copper
PASS: campaign follows walkable route to (-9.2, 0.025, 5.5)
Planted Copper Plant.
PASS: campaign plants finite seed
PASS: wheel selects seed_copper
PASS: campaign follows walkable route to (-11.8, 0.025, 5.5)
Planted Copper Plant.
PASS: campaign plants finite seed
PASS: wheel selects seed_copper
PASS: campaign follows walkable route to (-4.0, 0.025, 8.099999)
Planted Copper Plant.
PASS: campaign plants finite seed
PASS: campaign follows walkable route to (-4.0, 0.025, 2.9)
Harvested Lead x2.
PASS: campaign harvests naturally
PASS: campaign follows walkable route to (-6.6, 0.025, 2.9)
Harvested Lead x2.
PASS: campaign harvests naturally
PASS: campaign follows walkable route to (-9.2, 0.025, 2.9)
Harvested Lead x2.
PASS: campaign harvests naturally
PASS: campaign follows walkable route to (-11.8, 0.025, 2.9)
Harvested Paper x3.
PASS: campaign harvests naturally
PASS: campaign follows walkable route to (-4.0, 0.025, 5.5)
Harvested Paper x3.
PASS: campaign harvests naturally
PASS: campaign follows walkable route to (-6.6, 0.025, 5.5)
Harvested Paper x3.
PASS: campaign harvests naturally
PASS: campaign follows walkable route to (-9.2, 0.025, 5.5)
Harvested Copper x2.
PASS: campaign harvests naturally
PASS: campaign follows walkable route to (-11.8, 0.025, 5.5)
Harvested Copper x2.
PASS: campaign harvests naturally
PASS: campaign follows walkable route to (-4.0, 0.025, 8.099999)
Harvested Copper x2.
PASS: campaign harvests naturally
PASS: campaign follows walkable route to (-4.5, 0.0, 0.1)
Workbench opened
PASS: campaign follows walkable route to (10.0, 0.0, 10.0)
CAMPAIGN_DAY {"ammo_before":79,"cleared":true,"damage":0.0,"day":2,"hp":100.0,"magazine":1,"medicine":0,"nodes":901,"reserve":39,"resources_after":{"copper":0,"lead":0,"paper":6,"seed_copper":0,"seed_lead":0,"seed_paper":0,"small_herb":0},"resources_before":{"copper":0,"lead":0,"paper":6,"seed_copper":0,"seed_lead":0,"seed_paper":0,"small_herb":0},"shots":39,"weapon":"Basic Rifle","zombies":7}
PASS: finite resource campaign survives Night 2
PASS: campaign follows walkable route to (-9.0, 0.0, -2.5)
PASS: campaign follows walkable route to (-9.0, 0.0, -6.5)
Resting until morning...
PASS: campaign dawn 3
PASS: wheel selects seed_lead
PASS: campaign follows walkable route to (-4.0, 0.025, 2.9)
Planted Lead Plant.
PASS: campaign plants finite seed
PASS: wheel selects seed_lead
PASS: campaign follows walkable route to (-6.6, 0.025, 2.9)
Planted Lead Plant.
PASS: campaign plants finite seed
PASS: wheel selects seed_lead
PASS: campaign follows walkable route to (-9.2, 0.025, 2.9)
Planted Lead Plant.
PASS: campaign plants finite seed
PASS: wheel selects seed_lead
PASS: campaign follows walkable route to (-11.8, 0.025, 2.9)
Planted Lead Plant.
PASS: campaign plants finite seed
PASS: wheel selects seed_paper
PASS: campaign follows walkable route to (-4.0, 0.025, 5.5)
Planted Paper Plant.
PASS: campaign plants finite seed
PASS: wheel selects seed_paper
PASS: campaign follows walkable route to (-6.6, 0.025, 5.5)
Planted Paper Plant.
PASS: campaign plants finite seed
PASS: wheel selects seed_paper
PASS: campaign follows walkable route to (-9.2, 0.025, 5.5)
Planted Paper Plant.
PASS: campaign plants finite seed
PASS: wheel selects seed_paper
PASS: campaign follows walkable route to (-11.8, 0.025, 5.5)
Planted Paper Plant.
PASS: campaign plants finite seed
PASS: wheel selects seed_copper
PASS: campaign follows walkable route to (-4.0, 0.025, 8.099999)
Planted Copper Plant.
PASS: campaign plants finite seed
PASS: wheel selects seed_copper
PASS: campaign follows walkable route to (-6.6, 0.025, 8.099999)
Planted Copper Plant.
PASS: campaign plants finite seed
PASS: wheel selects seed_copper
PASS: campaign follows walkable route to (-9.2, 0.025, 8.099999)
Planted Copper Plant.
PASS: campaign plants finite seed
PASS: wheel selects seed_copper
PASS: campaign follows walkable route to (-11.8, 0.025, 8.099999)
Planted Copper Plant.
PASS: campaign plants finite seed
PASS: campaign follows walkable route to (-4.0, 0.025, 2.9)
Harvested Lead x2.
PASS: campaign harvests naturally
PASS: campaign follows walkable route to (-6.6, 0.025, 2.9)
Harvested Lead x2.
PASS: campaign harvests naturally
PASS: campaign follows walkable route to (-9.2, 0.025, 2.9)
Harvested Lead x2.
PASS: campaign harvests naturally
PASS: campaign follows walkable route to (-11.8, 0.025, 2.9)
Harvested Lead x2.
PASS: campaign harvests naturally
PASS: campaign follows walkable route to (-4.0, 0.025, 5.5)
Harvested Paper x3.
PASS: campaign harvests naturally
PASS: campaign follows walkable route to (-6.6, 0.025, 5.5)
Harvested Paper x3.
PASS: campaign harvests naturally
PASS: campaign follows walkable route to (-9.2, 0.025, 5.5)
Harvested Paper x3.
PASS: campaign harvests naturally
PASS: campaign follows walkable route to (-11.8, 0.025, 5.5)
Harvested Paper x3.
PASS: campaign harvests naturally
PASS: campaign follows walkable route to (-4.0, 0.025, 8.099999)
Harvested Copper x2.
PASS: campaign harvests naturally
PASS: campaign follows walkable route to (-6.6, 0.025, 8.099999)
Harvested Copper x2.
PASS: campaign harvests naturally
PASS: campaign follows walkable route to (-9.2, 0.025, 8.099999)
Harvested Copper x2.
PASS: campaign harvests naturally
PASS: campaign follows walkable route to (-11.8, 0.025, 8.099999)
Harvested Copper x2.
PASS: campaign harvests naturally
PASS: campaign follows walkable route to (-4.5, 0.0, 0.1)
Workbench opened
PASS: campaign follows walkable route to (10.0, 0.0, 10.0)
CAMPAIGN_DAY {"ammo_before":120,"cleared":true,"damage":0.0,"day":3,"hp":100.0,"magazine":5,"medicine":0,"nodes":854,"reserve":70,"resources_after":{"copper":0,"lead":0,"paper":10,"seed_copper":0,"seed_lead":0,"seed_paper":0,"small_herb":0},"resources_before":{"copper":0,"lead":0,"paper":10,"seed_copper":0,"seed_lead":0,"seed_paper":0,"small_herb":0},"shots":45,"weapon":"Basic Rifle","zombies":9}
PASS: finite resource campaign survives Night 3
PASS: campaign follows walkable route to (-9.0, 0.0, -2.5)
PASS: campaign follows walkable route to (-9.0, 0.0, -6.5)
Resting until morning...
PASS: campaign dawn 4
PASS: wheel selects seed_lead
PASS: campaign follows walkable route to (-4.0, 0.025, 2.9)
Planted Lead Plant.
PASS: campaign plants finite seed
PASS: wheel selects seed_lead
PASS: campaign follows walkable route to (-6.6, 0.025, 2.9)
Planted Lead Plant.
PASS: campaign plants finite seed
PASS: wheel selects seed_lead
PASS: campaign follows walkable route to (-9.2, 0.025, 2.9)
Planted Lead Plant.
PASS: campaign plants finite seed
PASS: wheel selects seed_lead
PASS: campaign follows walkable route to (-11.8, 0.025, 2.9)
Planted Lead Plant.
PASS: campaign plants finite seed
PASS: wheel selects seed_paper
PASS: campaign follows walkable route to (-4.0, 0.025, 5.5)
Planted Paper Plant.
PASS: campaign plants finite seed
PASS: wheel selects seed_paper
PASS: campaign follows walkable route to (-6.6, 0.025, 5.5)
Planted Paper Plant.
PASS: campaign plants finite seed
PASS: wheel selects seed_paper
PASS: campaign follows walkable route to (-9.2, 0.025, 5.5)
Planted Paper Plant.
PASS: campaign plants finite seed
PASS: wheel selects seed_paper
PASS: campaign follows walkable route to (-11.8, 0.025, 5.5)
Planted Paper Plant.
PASS: campaign plants finite seed
PASS: wheel selects seed_copper
PASS: campaign follows walkable route to (-4.0, 0.025, 8.099999)
Planted Copper Plant.
PASS: campaign plants finite seed
PASS: wheel selects seed_copper
PASS: campaign follows walkable route to (-6.6, 0.025, 8.099999)
Planted Copper Plant.
PASS: campaign plants finite seed
PASS: wheel selects seed_copper
PASS: campaign follows walkable route to (-9.2, 0.025, 8.099999)
Planted Copper Plant.
PASS: campaign plants finite seed
PASS: wheel selects seed_copper
PASS: campaign follows walkable route to (-11.8, 0.025, 8.099999)
Planted Copper Plant.
PASS: campaign plants finite seed
PASS: campaign follows walkable route to (-4.0, 0.025, 2.9)
Harvested Lead x2.
PASS: campaign harvests naturally
PASS: campaign follows walkable route to (-6.6, 0.025, 2.9)
Harvested Lead x2.
PASS: campaign harvests naturally
PASS: campaign follows walkable route to (-9.2, 0.025, 2.9)
Harvested Lead x2.
PASS: campaign harvests naturally
PASS: campaign follows walkable route to (-11.8, 0.025, 2.9)
Harvested Lead x2.
PASS: campaign harvests naturally
PASS: campaign follows walkable route to (-4.0, 0.025, 5.5)
Harvested Paper x3.
PASS: campaign harvests naturally
PASS: campaign follows walkable route to (-6.6, 0.025, 5.5)
Harvested Paper x3.
PASS: campaign harvests naturally
PASS: campaign follows walkable route to (-9.2, 0.025, 5.5)
Harvested Paper x3.
PASS: campaign harvests naturally
PASS: campaign follows walkable route to (-11.8, 0.025, 5.5)
Harvested Paper x3.
PASS: campaign harvests naturally
PASS: campaign follows walkable route to (-4.0, 0.025, 8.099999)
Harvested Copper x2.
PASS: campaign harvests naturally
PASS: campaign follows walkable route to (-6.6, 0.025, 8.099999)
Harvested Copper x2.
PASS: campaign harvests naturally
PASS: campaign follows walkable route to (-9.2, 0.025, 8.099999)
Harvested Copper x2.
PASS: campaign harvests naturally
PASS: campaign follows walkable route to (-11.8, 0.025, 8.099999)
Harvested Copper x2.
PASS: campaign harvests naturally
PASS: campaign follows walkable route to (-4.5, 0.0, 0.1)
Workbench opened
PASS: campaign follows walkable route to (10.0, 0.0, 10.0)
CAMPAIGN_DAY {"ammo_before":155,"cleared":true,"damage":0.0,"day":4,"hp":100.0,"magazine":9,"medicine":0,"nodes":854,"reserve":95,"resources_after":{"copper":0,"lead":0,"paper":14,"seed_copper":0,"seed_lead":0,"seed_paper":0,"small_herb":0},"resources_before":{"copper":0,"lead":0,"paper":14,"seed_copper":0,"seed_lead":0,"seed_paper":0,"small_herb":0},"shots":51,"weapon":"Basic Rifle","zombies":11}
PASS: finite resource campaign survives Night 4
PASS: campaign follows walkable route to (-9.0, 0.0, -2.5)
PASS: campaign follows walkable route to (-9.0, 0.0, -6.5)
Resting until morning...
PASS: campaign dawn 5
PASS: wheel selects seed_lead
PASS: campaign follows walkable route to (-4.0, 0.025, 2.9)
Planted Lead Plant.
PASS: campaign plants finite seed
PASS: wheel selects seed_lead
PASS: campaign follows walkable route to (-6.6, 0.025, 2.9)
Planted Lead Plant.
PASS: campaign plants finite seed
PASS: wheel selects seed_lead
PASS: campaign follows walkable route to (-9.2, 0.025, 2.9)
Planted Lead Plant.
PASS: campaign plants finite seed
PASS: wheel selects seed_lead
PASS: campaign follows walkable route to (-11.8, 0.025, 2.9)
Planted Lead Plant.
PASS: campaign plants finite seed
PASS: wheel selects seed_lead
PASS: campaign follows walkable route to (-4.0, 0.025, 5.5)
Planted Lead Plant.
PASS: campaign plants finite seed
PASS: wheel selects seed_paper
PASS: campaign follows walkable route to (-6.6, 0.025, 5.5)
Planted Paper Plant.
PASS: campaign plants finite seed
PASS: wheel selects seed_paper
PASS: campaign follows walkable route to (-9.2, 0.025, 5.5)
Planted Paper Plant.
PASS: campaign plants finite seed
PASS: wheel selects seed_paper
PASS: campaign follows walkable route to (-11.8, 0.025, 5.5)
Planted Paper Plant.
PASS: campaign plants finite seed
PASS: wheel selects seed_paper
PASS: campaign follows walkable route to (-4.0, 0.025, 8.099999)
Planted Paper Plant.
PASS: campaign plants finite seed
PASS: wheel selects seed_paper
PASS: campaign follows walkable route to (-6.6, 0.025, 8.099999)
Planted Paper Plant.
PASS: campaign plants finite seed
PASS: wheel selects seed_copper
PASS: campaign follows walkable route to (-9.2, 0.025, 8.099999)
Planted Copper Plant.
PASS: campaign plants finite seed
PASS: wheel selects seed_copper
PASS: campaign follows walkable route to (-11.8, 0.025, 8.099999)
Planted Copper Plant.
PASS: campaign plants finite seed
PASS: campaign follows walkable route to (-4.0, 0.025, 2.9)
Harvested Lead x2.
PASS: campaign harvests naturally
PASS: campaign follows walkable route to (-6.6, 0.025, 2.9)
Harvested Lead x2.
PASS: campaign harvests naturally
PASS: campaign follows walkable route to (-9.2, 0.025, 2.9)
Harvested Lead x2.
PASS: campaign harvests naturally
PASS: campaign follows walkable route to (-11.8, 0.025, 2.9)
Harvested Lead x2.
PASS: campaign harvests naturally
PASS: campaign follows walkable route to (-4.0, 0.025, 5.5)
Harvested Lead x2.
PASS: campaign harvests naturally
PASS: campaign follows walkable route to (-6.6, 0.025, 5.5)
Harvested Paper x3.
PASS: campaign harvests naturally
PASS: campaign follows walkable route to (-9.2, 0.025, 5.5)
Harvested Paper x3.
PASS: campaign harvests naturally
PASS: campaign follows walkable route to (-11.8, 0.025, 5.5)
Harvested Paper x3.
PASS: campaign harvests naturally
PASS: campaign follows walkable route to (-4.0, 0.025, 8.099999)
Harvested Paper x3.
PASS: campaign harvests naturally
PASS: campaign follows walkable route to (-6.6, 0.025, 8.099999)
Harvested Paper x3.
PASS: campaign harvests naturally
PASS: campaign follows walkable route to (-9.2, 0.025, 8.099999)
Harvested Copper x2.
PASS: campaign harvests naturally
PASS: campaign follows walkable route to (-11.8, 0.025, 8.099999)
Harvested Copper x2.
PASS: campaign harvests naturally
PASS: wheel selects seed_copper
PASS: campaign follows walkable route to (-4.0, 0.025, 2.9)
Planted Copper Plant.
PASS: campaign plants finite seed
PASS: wheel selects seed_copper
PASS: campaign follows walkable route to (-6.6, 0.025, 2.9)
Planted Copper Plant.
PASS: campaign plants finite seed
PASS: wheel selects seed_copper
PASS: campaign follows walkable route to (-9.2, 0.025, 2.9)
Planted Copper Plant.
PASS: campaign plants finite seed
PASS: campaign follows walkable route to (-4.0, 0.025, 2.9)
Harvested Copper x2.
PASS: campaign harvests naturally
PASS: campaign follows walkable route to (-6.6, 0.025, 2.9)
Harvested Copper x2.
PASS: campaign harvests naturally
PASS: campaign follows walkable route to (-9.2, 0.025, 2.9)
Harvested Copper x2.
PASS: campaign harvests naturally
PASS: campaign follows walkable route to (-4.5, 0.0, 0.1)
Workbench opened
PASS: campaign follows walkable route to (10.0, 0.0, 10.0)
CAMPAIGN_DAY {"ammo_before":204,"cleared":true,"damage":0.0,"day":5,"hp":100.0,"magazine":1,"medicine":0,"nodes":901,"reserve":144,"resources_after":{"copper":0,"lead":0,"paper":19,"seed_copper":0,"seed_lead":0,"seed_paper":0,"small_herb":0},"resources_before":{"copper":0,"lead":0,"paper":19,"seed_copper":0,"seed_lead":0,"seed_paper":0,"small_herb":0},"shots":59,"weapon":"Basic Rifle","zombies":13}
PASS: finite resource campaign survives Night 5
PASS: campaign follows walkable route to (-9.0, 0.0, -2.5)
PASS: campaign follows walkable route to (-9.0, 0.0, -6.5)
Resting until morning...
PASS: campaign dawn 6
PASS: wheel selects seed_lead
PASS: campaign follows walkable route to (-4.0, 0.025, 2.9)
Planted Lead Plant.
PASS: campaign plants finite seed
PASS: wheel selects seed_lead
PASS: campaign follows walkable route to (-6.6, 0.025, 2.9)
Planted Lead Plant.
PASS: campaign plants finite seed
PASS: wheel selects seed_lead
PASS: campaign follows walkable route to (-9.2, 0.025, 2.9)
Planted Lead Plant.
PASS: campaign plants finite seed
PASS: wheel selects seed_lead
PASS: campaign follows walkable route to (-11.8, 0.025, 2.9)
Planted Lead Plant.
PASS: campaign plants finite seed
PASS: wheel selects seed_lead
PASS: campaign follows walkable route to (-4.0, 0.025, 5.5)
Planted Lead Plant.
PASS: campaign plants finite seed
PASS: wheel selects seed_paper
PASS: campaign follows walkable route to (-6.6, 0.025, 5.5)
Planted Paper Plant.
PASS: campaign plants finite seed
PASS: wheel selects seed_paper
PASS: campaign follows walkable route to (-9.2, 0.025, 5.5)
Planted Paper Plant.
PASS: campaign plants finite seed
PASS: wheel selects seed_paper
PASS: campaign follows walkable route to (-11.8, 0.025, 5.5)
Planted Paper Plant.
PASS: campaign plants finite seed
PASS: wheel selects seed_paper
PASS: campaign follows walkable route to (-4.0, 0.025, 8.099999)
Planted Paper Plant.
PASS: campaign plants finite seed
PASS: wheel selects seed_paper
PASS: campaign follows walkable route to (-6.6, 0.025, 8.099999)
Planted Paper Plant.
PASS: campaign plants finite seed
PASS: wheel selects seed_copper
PASS: campaign follows walkable route to (-9.2, 0.025, 8.099999)
Planted Copper Plant.
PASS: campaign plants finite seed
PASS: wheel selects seed_copper
PASS: campaign follows walkable route to (-11.8, 0.025, 8.099999)
Planted Copper Plant.
PASS: campaign plants finite seed
PASS: campaign follows walkable route to (-4.0, 0.025, 2.9)
Harvested Lead x2.
PASS: campaign harvests naturally
PASS: campaign follows walkable route to (-6.6, 0.025, 2.9)
Harvested Lead x2.
PASS: campaign harvests naturally
PASS: campaign follows walkable route to (-9.2, 0.025, 2.9)
Harvested Lead x2.
PASS: campaign harvests naturally
PASS: campaign follows walkable route to (-11.8, 0.025, 2.9)
Harvested Lead x2.
PASS: campaign harvests naturally
PASS: campaign follows walkable route to (-4.0, 0.025, 5.5)
Harvested Lead x2.
PASS: campaign harvests naturally
PASS: campaign follows walkable route to (-6.6, 0.025, 5.5)
Harvested Paper x3.
PASS: campaign harvests naturally
PASS: campaign follows walkable route to (-9.2, 0.025, 5.5)
Harvested Paper x3.
PASS: campaign harvests naturally
PASS: campaign follows walkable route to (-11.8, 0.025, 5.5)
Harvested Paper x3.
PASS: campaign harvests naturally
PASS: campaign follows walkable route to (-4.0, 0.025, 8.099999)
Harvested Paper x3.
PASS: campaign harvests naturally
PASS: campaign follows walkable route to (-6.6, 0.025, 8.099999)
Harvested Paper x3.
PASS: campaign harvests naturally
PASS: campaign follows walkable route to (-9.2, 0.025, 8.099999)
Harvested Copper x2.
PASS: campaign harvests naturally
PASS: campaign follows walkable route to (-11.8, 0.025, 8.099999)
Harvested Copper x2.
PASS: campaign harvests naturally
PASS: wheel selects seed_copper
PASS: campaign follows walkable route to (-4.0, 0.025, 2.9)
Planted Copper Plant.
PASS: campaign plants finite seed
PASS: wheel selects seed_copper
PASS: campaign follows walkable route to (-6.6, 0.025, 2.9)
Planted Copper Plant.
PASS: campaign plants finite seed
PASS: wheel selects seed_copper
PASS: campaign follows walkable route to (-9.2, 0.025, 2.9)
Planted Copper Plant.
PASS: campaign plants finite seed
PASS: campaign follows walkable route to (-4.0, 0.025, 2.9)
Harvested Copper x2.
PASS: campaign harvests naturally
PASS: campaign follows walkable route to (-6.6, 0.025, 2.9)
Harvested Copper x2.
PASS: campaign harvests naturally
PASS: campaign follows walkable route to (-9.2, 0.025, 2.9)
Harvested Copper x2.
PASS: campaign harvests naturally
PASS: campaign follows walkable route to (-4.5, 0.0, 0.1)
Workbench opened
PASS: campaign follows walkable route to (10.0, 0.0, 10.0)
CAMPAIGN_DAY {"ammo_before":245,"cleared":true,"damage":0.0,"day":6,"hp":100.0,"magazine":3,"medicine":0,"nodes":901,"reserve":175,"resources_after":{"copper":0,"lead":0,"paper":24,"seed_copper":0,"seed_lead":0,"seed_paper":0,"small_herb":0},"resources_before":{"copper":0,"lead":0,"paper":24,"seed_copper":0,"seed_lead":0,"seed_paper":0,"small_herb":0},"shots":67,"weapon":"Basic Rifle","zombies":15}
PASS: finite resource campaign survives Night 6
PASS: campaign follows walkable route to (-9.0, 0.0, -2.5)
PASS: campaign follows walkable route to (-9.0, 0.0, -6.5)
Resting until morning...
PASS: campaign dawn 7
PASS: wheel selects seed_lead
PASS: campaign follows walkable route to (-4.0, 0.025, 2.9)
Planted Lead Plant.
PASS: campaign plants finite seed
PASS: wheel selects seed_lead
PASS: campaign follows walkable route to (-6.6, 0.025, 2.9)
Planted Lead Plant.
PASS: campaign plants finite seed
PASS: wheel selects seed_lead
PASS: campaign follows walkable route to (-9.2, 0.025, 2.9)
Planted Lead Plant.
PASS: campaign plants finite seed
PASS: wheel selects seed_lead
PASS: campaign follows walkable route to (-11.8, 0.025, 2.9)
Planted Lead Plant.
PASS: campaign plants finite seed
PASS: wheel selects seed_lead
PASS: campaign follows walkable route to (-4.0, 0.025, 5.5)
Planted Lead Plant.
PASS: campaign plants finite seed
PASS: wheel selects seed_lead
PASS: campaign follows walkable route to (-6.6, 0.025, 5.5)
Planted Lead Plant.
PASS: campaign plants finite seed
PASS: wheel selects seed_paper
PASS: campaign follows walkable route to (-9.2, 0.025, 5.5)
Planted Paper Plant.
PASS: campaign plants finite seed
PASS: wheel selects seed_paper
PASS: campaign follows walkable route to (-11.8, 0.025, 5.5)
Planted Paper Plant.
PASS: campaign plants finite seed
PASS: wheel selects seed_paper
PASS: campaign follows walkable route to (-4.0, 0.025, 8.099999)
Planted Paper Plant.
PASS: campaign plants finite seed
PASS: wheel selects seed_paper
PASS: campaign follows walkable route to (-6.6, 0.025, 8.099999)
Planted Paper Plant.
PASS: campaign plants finite seed
PASS: wheel selects seed_paper
PASS: campaign follows walkable route to (-9.2, 0.025, 8.099999)
Planted Paper Plant.
PASS: campaign plants finite seed
PASS: wheel selects seed_paper
PASS: campaign follows walkable route to (-11.8, 0.025, 8.099999)
Planted Paper Plant.
PASS: campaign plants finite seed
PASS: campaign follows walkable route to (-4.0, 0.025, 2.9)
Harvested Lead x2.
PASS: campaign harvests naturally
PASS: campaign follows walkable route to (-6.6, 0.025, 2.9)
Harvested Lead x2.
PASS: campaign harvests naturally
PASS: campaign follows walkable route to (-9.2, 0.025, 2.9)
Harvested Lead x2.
PASS: campaign harvests naturally
PASS: campaign follows walkable route to (-11.8, 0.025, 2.9)
Harvested Lead x2.
PASS: campaign harvests naturally
PASS: campaign follows walkable route to (-4.0, 0.025, 5.5)
Harvested Lead x2.
PASS: campaign harvests naturally
PASS: campaign follows walkable route to (-6.6, 0.025, 5.5)
Harvested Lead x2.
PASS: campaign harvests naturally
PASS: campaign follows walkable route to (-9.2, 0.025, 5.5)
Harvested Paper x3.
PASS: campaign harvests naturally
PASS: campaign follows walkable route to (-11.8, 0.025, 5.5)
Harvested Paper x3.
PASS: campaign harvests naturally
PASS: campaign follows walkable route to (-4.0, 0.025, 8.099999)
Harvested Paper x3.
PASS: campaign harvests naturally
PASS: campaign follows walkable route to (-6.6, 0.025, 8.099999)
Harvested Paper x3.
PASS: campaign harvests naturally
PASS: campaign follows walkable route to (-9.2, 0.025, 8.099999)
Harvested Paper x3.
PASS: campaign harvests naturally
PASS: campaign follows walkable route to (-11.8, 0.025, 8.099999)
Harvested Paper x3.
PASS: campaign harvests naturally
PASS: wheel selects seed_copper
PASS: campaign follows walkable route to (-4.0, 0.025, 2.9)
Planted Copper Plant.
PASS: campaign plants finite seed
PASS: wheel selects seed_copper
PASS: campaign follows walkable route to (-6.6, 0.025, 2.9)
Planted Copper Plant.
PASS: campaign plants finite seed
PASS: wheel selects seed_copper
PASS: campaign follows walkable route to (-9.2, 0.025, 2.9)
Planted Copper Plant.
PASS: campaign plants finite seed
PASS: wheel selects seed_copper
PASS: campaign follows walkable route to (-11.8, 0.025, 2.9)
Planted Copper Plant.
PASS: campaign plants finite seed
PASS: wheel selects seed_copper
PASS: campaign follows walkable route to (-4.0, 0.025, 5.5)
Planted Copper Plant.
PASS: campaign plants finite seed
PASS: wheel selects seed_copper
PASS: campaign follows walkable route to (-6.6, 0.025, 5.5)
Planted Copper Plant.
PASS: campaign plants finite seed
PASS: campaign follows walkable route to (-4.0, 0.025, 2.9)
Harvested Copper x2.
PASS: campaign harvests naturally
PASS: campaign follows walkable route to (-6.6, 0.025, 2.9)
Harvested Copper x2.
PASS: campaign harvests naturally
PASS: campaign follows walkable route to (-9.2, 0.025, 2.9)
Harvested Copper x2.
PASS: campaign harvests naturally
PASS: campaign follows walkable route to (-11.8, 0.025, 2.9)
Harvested Copper x2.
PASS: campaign harvests naturally
PASS: campaign follows walkable route to (-4.0, 0.025, 5.5)
Harvested Copper x2.
PASS: campaign harvests naturally
PASS: campaign follows walkable route to (-6.6, 0.025, 5.5)
Harvested Copper x2.
PASS: campaign harvests naturally
PASS: campaign follows walkable route to (-4.5, 0.0, 0.1)
Workbench opened
PASS: campaign follows walkable route to (10.0, 0.0, 10.0)
CAMPAIGN_DAY {"ammo_before":298,"cleared":true,"damage":0.0,"day":7,"hp":100.0,"magazine":3,"medicine":0,"nodes":901,"reserve":218,"resources_after":{"copper":0,"lead":0,"paper":30,"seed_copper":0,"seed_lead":0,"seed_paper":0,"small_herb":0},"resources_before":{"copper":0,"lead":0,"paper":30,"seed_copper":0,"seed_lead":0,"seed_paper":0,"small_herb":0},"shots":77,"weapon":"Basic Rifle","zombies":15}
PASS: finite resource campaign survives Night 7
PASS: campaign follows walkable route to (-9.0, 0.0, -2.5)
PASS: campaign follows walkable route to (-9.0, 0.0, -6.5)
Resting until morning...
PASS: campaign dawn 8
PASS: wheel selects seed_lead
PASS: campaign follows walkable route to (-4.0, 0.025, 2.9)
Planted Lead Plant.
PASS: campaign plants finite seed
PASS: wheel selects seed_lead
PASS: campaign follows walkable route to (-6.6, 0.025, 2.9)
Planted Lead Plant.
PASS: campaign plants finite seed
PASS: wheel selects seed_lead
PASS: campaign follows walkable route to (-9.2, 0.025, 2.9)
Planted Lead Plant.
PASS: campaign plants finite seed
PASS: wheel selects seed_lead
PASS: campaign follows walkable route to (-11.8, 0.025, 2.9)
Planted Lead Plant.
PASS: campaign plants finite seed
PASS: wheel selects seed_lead
PASS: campaign follows walkable route to (-4.0, 0.025, 5.5)
Planted Lead Plant.
PASS: campaign plants finite seed
PASS: wheel selects seed_lead
PASS: campaign follows walkable route to (-6.6, 0.025, 5.5)
Planted Lead Plant.
PASS: campaign plants finite seed
PASS: wheel selects seed_lead
PASS: campaign follows walkable route to (-9.2, 0.025, 5.5)
Planted Lead Plant.
PASS: campaign plants finite seed
PASS: wheel selects seed_paper
PASS: campaign follows walkable route to (-11.8, 0.025, 5.5)
Planted Paper Plant.
PASS: campaign plants finite seed
PASS: wheel selects seed_paper
PASS: campaign follows walkable route to (-4.0, 0.025, 8.099999)
Planted Paper Plant.
PASS: campaign plants finite seed
PASS: wheel selects seed_paper
PASS: campaign follows walkable route to (-6.6, 0.025, 8.099999)
Planted Paper Plant.
PASS: campaign plants finite seed
PASS: wheel selects seed_paper
PASS: campaign follows walkable route to (-9.2, 0.025, 8.099999)
Planted Paper Plant.
PASS: campaign plants finite seed
PASS: wheel selects seed_paper
PASS: campaign follows walkable route to (-11.8, 0.025, 8.099999)
Planted Paper Plant.
PASS: campaign plants finite seed
PASS: campaign follows walkable route to (-4.0, 0.025, 2.9)
Harvested Lead x2.
PASS: campaign harvests naturally
PASS: campaign follows walkable route to (-6.6, 0.025, 2.9)
Harvested Lead x2.
PASS: campaign harvests naturally
PASS: campaign follows walkable route to (-9.2, 0.025, 2.9)
Harvested Lead x2.
PASS: campaign harvests naturally
PASS: campaign follows walkable route to (-11.8, 0.025, 2.9)
Harvested Lead x2.
PASS: campaign harvests naturally
PASS: campaign follows walkable route to (-4.0, 0.025, 5.5)
Harvested Lead x2.
PASS: campaign harvests naturally
PASS: campaign follows walkable route to (-6.6, 0.025, 5.5)
Harvested Lead x2.
PASS: campaign harvests naturally
PASS: campaign follows walkable route to (-9.2, 0.025, 5.5)
Harvested Lead x2.
PASS: campaign harvests naturally
PASS: campaign follows walkable route to (-11.8, 0.025, 5.5)
Harvested Paper x3.
PASS: campaign harvests naturally
PASS: campaign follows walkable route to (-4.0, 0.025, 8.099999)
Harvested Paper x3.
PASS: campaign harvests naturally
PASS: campaign follows walkable route to (-6.6, 0.025, 8.099999)
Harvested Paper x3.
PASS: campaign harvests naturally
PASS: campaign follows walkable route to (-9.2, 0.025, 8.099999)
Harvested Paper x3.
PASS: campaign harvests naturally
PASS: campaign follows walkable route to (-11.8, 0.025, 8.099999)
Harvested Paper x3.
PASS: campaign harvests naturally
PASS: wheel selects seed_paper
PASS: campaign follows walkable route to (-4.0, 0.025, 2.9)
Planted Paper Plant.
PASS: campaign plants finite seed
PASS: wheel selects seed_paper
PASS: campaign follows walkable route to (-6.6, 0.025, 2.9)
Planted Paper Plant.
PASS: campaign plants finite seed
PASS: wheel selects seed_copper
PASS: campaign follows walkable route to (-9.2, 0.025, 2.9)
Planted Copper Plant.
PASS: campaign plants finite seed
PASS: wheel selects seed_copper
PASS: campaign follows walkable route to (-11.8, 0.025, 2.9)
Planted Copper Plant.
PASS: campaign plants finite seed
PASS: wheel selects seed_copper
PASS: campaign follows walkable route to (-4.0, 0.025, 5.5)
Planted Copper Plant.
PASS: campaign plants finite seed
PASS: wheel selects seed_copper
PASS: campaign follows walkable route to (-6.6, 0.025, 5.5)
Planted Copper Plant.
PASS: campaign plants finite seed
PASS: wheel selects seed_copper
PASS: campaign follows walkable route to (-9.2, 0.025, 5.5)
Planted Copper Plant.
PASS: campaign plants finite seed
PASS: wheel selects seed_copper
PASS: campaign follows walkable route to (-11.8, 0.025, 5.5)
Planted Copper Plant.
PASS: campaign plants finite seed
PASS: wheel selects seed_copper
PASS: campaign follows walkable route to (-4.0, 0.025, 8.099999)
Planted Copper Plant.
PASS: campaign plants finite seed
PASS: campaign follows walkable route to (-4.0, 0.025, 2.9)
Harvested Paper x3.
PASS: campaign harvests naturally
PASS: campaign follows walkable route to (-6.6, 0.025, 2.9)
Harvested Paper x3.
PASS: campaign harvests naturally
PASS: campaign follows walkable route to (-9.2, 0.025, 2.9)
Harvested Copper x2.
PASS: campaign harvests naturally
PASS: campaign follows walkable route to (-11.8, 0.025, 2.9)
Harvested Copper x2.
PASS: campaign harvests naturally
PASS: campaign follows walkable route to (-4.0, 0.025, 5.5)
Harvested Copper x2.
PASS: campaign harvests naturally
PASS: campaign follows walkable route to (-6.6, 0.025, 5.5)
Harvested Copper x2.
PASS: campaign harvests naturally
PASS: campaign follows walkable route to (-9.2, 0.025, 5.5)
Harvested Copper x2.
PASS: campaign harvests naturally
PASS: campaign follows walkable route to (-11.8, 0.025, 5.5)
Harvested Copper x2.
PASS: campaign harvests naturally
PASS: campaign follows walkable route to (-4.0, 0.025, 8.099999)
Harvested Copper x2.
PASS: campaign harvests naturally
PASS: campaign follows walkable route to (-4.5, 0.0, 0.1)
Workbench opened
PASS: campaign follows walkable route to (10.0, 0.0, 10.0)
CAMPAIGN_DAY {"ammo_before":361,"cleared":true,"damage":0.0,"day":8,"hp":100.0,"magazine":0,"medicine":0,"nodes":901,"reserve":261,"resources_after":{"copper":0,"lead":0,"paper":37,"seed_copper":0,"seed_lead":0,"seed_paper":0,"small_herb":0},"resources_before":{"copper":0,"lead":0,"paper":37,"seed_copper":0,"seed_lead":0,"seed_paper":0,"small_herb":0},"shots":100,"weapon":"Basic Rifle","zombies":18}
PASS: finite resource campaign survives Night 8
PASS: campaign follows walkable route to (-9.0, 0.0, -2.5)
PASS: campaign follows walkable route to (-9.0, 0.0, -6.5)
Resting until morning...
PASS: campaign dawn 9
PASS: wheel selects seed_lead
PASS: campaign follows walkable route to (-4.0, 0.025, 2.9)
Planted Lead Plant.
PASS: campaign plants finite seed
PASS: wheel selects seed_lead
PASS: campaign follows walkable route to (-6.6, 0.025, 2.9)
Planted Lead Plant.
PASS: campaign plants finite seed
PASS: wheel selects seed_lead
PASS: campaign follows walkable route to (-9.2, 0.025, 2.9)
Planted Lead Plant.
PASS: campaign plants finite seed
PASS: wheel selects seed_lead
PASS: campaign follows walkable route to (-11.8, 0.025, 2.9)
Planted Lead Plant.
PASS: campaign plants finite seed
PASS: wheel selects seed_lead
PASS: campaign follows walkable route to (-4.0, 0.025, 5.5)
Planted Lead Plant.
PASS: campaign plants finite seed
PASS: wheel selects seed_lead
PASS: campaign follows walkable route to (-6.6, 0.025, 5.5)
Planted Lead Plant.
PASS: campaign plants finite seed
PASS: wheel selects seed_lead
PASS: campaign follows walkable route to (-9.2, 0.025, 5.5)
Planted Lead Plant.
PASS: campaign plants finite seed
PASS: wheel selects seed_lead
PASS: campaign follows walkable route to (-11.8, 0.025, 5.5)
Planted Lead Plant.
PASS: campaign plants finite seed
PASS: wheel selects seed_paper
PASS: campaign follows walkable route to (-4.0, 0.025, 8.099999)
Planted Paper Plant.
PASS: campaign plants finite seed
PASS: wheel selects seed_paper
PASS: campaign follows walkable route to (-6.6, 0.025, 8.099999)
Planted Paper Plant.
PASS: campaign plants finite seed
PASS: wheel selects seed_paper
PASS: campaign follows walkable route to (-9.2, 0.025, 8.099999)
Planted Paper Plant.
PASS: campaign plants finite seed
PASS: wheel selects seed_paper
PASS: campaign follows walkable route to (-11.8, 0.025, 8.099999)
Planted Paper Plant.
PASS: campaign plants finite seed
PASS: campaign follows walkable route to (-4.0, 0.025, 2.9)
Harvested Lead x2.
PASS: campaign harvests naturally
PASS: campaign follows walkable route to (-6.6, 0.025, 2.9)
Harvested Lead x2.
PASS: campaign harvests naturally
PASS: campaign follows walkable route to (-9.2, 0.025, 2.9)
Harvested Lead x2.
PASS: campaign harvests naturally
PASS: campaign follows walkable route to (-11.8, 0.025, 2.9)
Harvested Lead x2.
PASS: campaign harvests naturally
PASS: campaign follows walkable route to (-4.0, 0.025, 5.5)
Harvested Lead x2.
PASS: campaign harvests naturally
PASS: campaign follows walkable route to (-6.6, 0.025, 5.5)
Harvested Lead x2.
PASS: campaign harvests naturally
PASS: campaign follows walkable route to (-9.2, 0.025, 5.5)
Harvested Lead x2.
PASS: campaign harvests naturally
PASS: campaign follows walkable route to (-11.8, 0.025, 5.5)
Harvested Lead x2.
PASS: campaign harvests naturally
PASS: campaign follows walkable route to (-4.0, 0.025, 8.099999)
Harvested Paper x3.
PASS: campaign harvests naturally
PASS: campaign follows walkable route to (-6.6, 0.025, 8.099999)
Harvested Paper x3.
PASS: campaign harvests naturally
PASS: campaign follows walkable route to (-9.2, 0.025, 8.099999)
Harvested Paper x3.
PASS: campaign harvests naturally
PASS: campaign follows walkable route to (-11.8, 0.025, 8.099999)
Harvested Paper x3.
PASS: campaign harvests naturally
PASS: wheel selects seed_paper
PASS: campaign follows walkable route to (-4.0, 0.025, 2.9)
Planted Paper Plant.
PASS: campaign plants finite seed
PASS: wheel selects seed_paper
PASS: campaign follows walkable route to (-6.6, 0.025, 2.9)
Planted Paper Plant.
PASS: campaign plants finite seed
PASS: wheel selects seed_paper
PASS: campaign follows walkable route to (-9.2, 0.025, 2.9)
Planted Paper Plant.
PASS: campaign plants finite seed
PASS: wheel selects seed_paper
PASS: campaign follows walkable route to (-11.8, 0.025, 2.9)
Planted Paper Plant.
PASS: campaign plants finite seed
PASS: wheel selects seed_copper
PASS: campaign follows walkable route to (-4.0, 0.025, 5.5)
Planted Copper Plant.
PASS: campaign plants finite seed
PASS: wheel selects seed_copper
PASS: campaign follows walkable route to (-6.6, 0.025, 5.5)
Planted Copper Plant.
PASS: campaign plants finite seed
PASS: wheel selects seed_copper
PASS: campaign follows walkable route to (-9.2, 0.025, 5.5)
Planted Copper Plant.
PASS: campaign plants finite seed
PASS: wheel selects seed_copper
PASS: campaign follows walkable route to (-11.8, 0.025, 5.5)
Planted Copper Plant.
PASS: campaign plants finite seed
PASS: wheel selects seed_copper
PASS: campaign follows walkable route to (-4.0, 0.025, 8.099999)
Planted Copper Plant.
PASS: campaign plants finite seed
PASS: wheel selects seed_copper
PASS: campaign follows walkable route to (-6.6, 0.025, 8.099999)
Planted Copper Plant.
PASS: campaign plants finite seed
PASS: wheel selects seed_copper
PASS: campaign follows walkable route to (-9.2, 0.025, 8.099999)
Planted Copper Plant.
PASS: campaign plants finite seed
PASS: wheel selects seed_copper
PASS: campaign follows walkable route to (-11.8, 0.025, 8.099999)
Planted Copper Plant.
PASS: campaign plants finite seed
PASS: campaign follows walkable route to (-4.0, 0.025, 2.9)
Harvested Paper x3.
PASS: campaign harvests naturally
PASS: campaign follows walkable route to (-6.6, 0.025, 2.9)
Harvested Paper x3.
PASS: campaign harvests naturally
PASS: campaign follows walkable route to (-9.2, 0.025, 2.9)
Harvested Paper x3.
PASS: campaign harvests naturally
PASS: campaign follows walkable route to (-11.8, 0.025, 2.9)
Harvested Paper x3.
PASS: campaign harvests naturally
PASS: campaign follows walkable route to (-4.0, 0.025, 5.5)
Harvested Copper x2.
PASS: campaign harvests naturally
PASS: campaign follows walkable route to (-6.6, 0.025, 5.5)
Harvested Copper x2.
PASS: campaign harvests naturally
PASS: campaign follows walkable route to (-9.2, 0.025, 5.5)
Harvested Copper x2.
PASS: campaign harvests naturally
PASS: campaign follows walkable route to (-11.8, 0.025, 5.5)
Harvested Copper x2.
PASS: campaign harvests naturally
PASS: campaign follows walkable route to (-4.0, 0.025, 8.099999)
Harvested Copper x2.
PASS: campaign harvests naturally
PASS: campaign follows walkable route to (-6.6, 0.025, 8.099999)
Harvested Copper x2.
PASS: campaign harvests naturally
PASS: campaign follows walkable route to (-9.2, 0.025, 8.099999)
Harvested Copper x2.
PASS: campaign harvests naturally
PASS: campaign follows walkable route to (-11.8, 0.025, 8.099999)
Harvested Copper x2.
PASS: campaign harvests naturally
PASS: campaign follows walkable route to (-4.5, 0.0, 0.1)
Workbench opened
PASS: campaign follows walkable route to (10.0, 0.0, 10.0)
CAMPAIGN_DAY {"ammo_before":421,"cleared":true,"damage":0.0,"day":9,"hp":100.0,"magazine":2,"medicine":0,"nodes":901,"reserve":311,"resources_after":{"copper":0,"lead":0,"paper":45,"seed_copper":0,"seed_lead":0,"seed_paper":0,"small_herb":0},"resources_before":{"copper":0,"lead":0,"paper":45,"seed_copper":0,"seed_lead":0,"seed_paper":0,"small_herb":0},"shots":108,"weapon":"Basic Rifle","zombies":20}
PASS: finite resource campaign survives Night 9
PASS: campaign follows walkable route to (-9.0, 0.0, -2.5)
PASS: campaign follows walkable route to (-9.0, 0.0, -6.5)
Resting until morning...
PASS: campaign dawn 10
PASS: wheel selects seed_lead
PASS: campaign follows walkable route to (-4.0, 0.025, 2.9)
Planted Lead Plant.
PASS: campaign plants finite seed
PASS: wheel selects seed_lead
PASS: campaign follows walkable route to (-6.6, 0.025, 2.9)
Planted Lead Plant.
PASS: campaign plants finite seed
PASS: wheel selects seed_lead
PASS: campaign follows walkable route to (-9.2, 0.025, 2.9)
Planted Lead Plant.
PASS: campaign plants finite seed
PASS: wheel selects seed_lead
PASS: campaign follows walkable route to (-11.8, 0.025, 2.9)
Planted Lead Plant.
PASS: campaign plants finite seed
PASS: wheel selects seed_lead
PASS: campaign follows walkable route to (-4.0, 0.025, 5.5)
Planted Lead Plant.
PASS: campaign plants finite seed
PASS: wheel selects seed_lead
PASS: campaign follows walkable route to (-6.6, 0.025, 5.5)
Planted Lead Plant.
PASS: campaign plants finite seed
PASS: wheel selects seed_lead
PASS: campaign follows walkable route to (-9.2, 0.025, 5.5)
Planted Lead Plant.
PASS: campaign plants finite seed
PASS: wheel selects seed_lead
PASS: campaign follows walkable route to (-11.8, 0.025, 5.5)
Planted Lead Plant.
PASS: campaign plants finite seed
PASS: wheel selects seed_paper
PASS: campaign follows walkable route to (-4.0, 0.025, 8.099999)
Planted Paper Plant.
PASS: campaign plants finite seed
PASS: wheel selects seed_paper
PASS: campaign follows walkable route to (-6.6, 0.025, 8.099999)
Planted Paper Plant.
PASS: campaign plants finite seed
PASS: wheel selects seed_paper
PASS: campaign follows walkable route to (-9.2, 0.025, 8.099999)
Planted Paper Plant.
PASS: campaign plants finite seed
PASS: wheel selects seed_paper
PASS: campaign follows walkable route to (-11.8, 0.025, 8.099999)
Planted Paper Plant.
PASS: campaign plants finite seed
PASS: campaign follows walkable route to (-4.0, 0.025, 2.9)
Harvested Lead x2.
PASS: campaign harvests naturally
PASS: campaign follows walkable route to (-6.6, 0.025, 2.9)
Harvested Lead x2.
PASS: campaign harvests naturally
PASS: campaign follows walkable route to (-9.2, 0.025, 2.9)
Harvested Lead x2.
PASS: campaign harvests naturally
PASS: campaign follows walkable route to (-11.8, 0.025, 2.9)
Harvested Lead x2.
PASS: campaign harvests naturally
PASS: campaign follows walkable route to (-4.0, 0.025, 5.5)
Harvested Lead x2.
PASS: campaign harvests naturally
PASS: campaign follows walkable route to (-6.6, 0.025, 5.5)
Harvested Lead x2.
PASS: campaign harvests naturally
PASS: campaign follows walkable route to (-9.2, 0.025, 5.5)
Harvested Lead x2.
PASS: campaign harvests naturally
PASS: campaign follows walkable route to (-11.8, 0.025, 5.5)
Harvested Lead x2.
PASS: campaign harvests naturally
PASS: campaign follows walkable route to (-4.0, 0.025, 8.099999)
Harvested Paper x3.
PASS: campaign harvests naturally
PASS: campaign follows walkable route to (-6.6, 0.025, 8.099999)
Harvested Paper x3.
PASS: campaign harvests naturally
PASS: campaign follows walkable route to (-9.2, 0.025, 8.099999)
Harvested Paper x3.
PASS: campaign harvests naturally
PASS: campaign follows walkable route to (-11.8, 0.025, 8.099999)
Harvested Paper x3.
PASS: campaign harvests naturally
PASS: wheel selects seed_paper
PASS: campaign follows walkable route to (-4.0, 0.025, 2.9)
Planted Paper Plant.
PASS: campaign plants finite seed
PASS: wheel selects seed_paper
PASS: campaign follows walkable route to (-6.6, 0.025, 2.9)
Planted Paper Plant.
PASS: campaign plants finite seed
PASS: wheel selects seed_paper
PASS: campaign follows walkable route to (-9.2, 0.025, 2.9)
Planted Paper Plant.
PASS: campaign plants finite seed
PASS: wheel selects seed_paper
PASS: campaign follows walkable route to (-11.8, 0.025, 2.9)
Planted Paper Plant.
PASS: campaign plants finite seed
PASS: wheel selects seed_copper
PASS: campaign follows walkable route to (-4.0, 0.025, 5.5)
Planted Copper Plant.
PASS: campaign plants finite seed
PASS: wheel selects seed_copper
PASS: campaign follows walkable route to (-6.6, 0.025, 5.5)
Planted Copper Plant.
PASS: campaign plants finite seed
PASS: wheel selects seed_copper
PASS: campaign follows walkable route to (-9.2, 0.025, 5.5)
Planted Copper Plant.
PASS: campaign plants finite seed
PASS: wheel selects seed_copper
PASS: campaign follows walkable route to (-11.8, 0.025, 5.5)
Planted Copper Plant.
PASS: campaign plants finite seed
PASS: wheel selects seed_copper
PASS: campaign follows walkable route to (-4.0, 0.025, 8.099999)
Planted Copper Plant.
PASS: campaign plants finite seed
PASS: wheel selects seed_copper
PASS: campaign follows walkable route to (-6.6, 0.025, 8.099999)
Planted Copper Plant.
PASS: campaign plants finite seed
PASS: wheel selects seed_copper
PASS: campaign follows walkable route to (-9.2, 0.025, 8.099999)
Planted Copper Plant.
PASS: campaign plants finite seed
PASS: wheel selects seed_copper
PASS: campaign follows walkable route to (-11.8, 0.025, 8.099999)
Planted Copper Plant.
PASS: campaign plants finite seed
PASS: campaign follows walkable route to (-4.0, 0.025, 2.9)
Harvested Paper x3.
PASS: campaign harvests naturally
PASS: campaign follows walkable route to (-6.6, 0.025, 2.9)
Harvested Paper x3.
PASS: campaign harvests naturally
PASS: campaign follows walkable route to (-9.2, 0.025, 2.9)
Harvested Paper x3.
PASS: campaign harvests naturally
PASS: campaign follows walkable route to (-11.8, 0.025, 2.9)
Harvested Paper x3.
PASS: campaign harvests naturally
PASS: campaign follows walkable route to (-4.0, 0.025, 5.5)
Harvested Copper x2.
PASS: campaign harvests naturally
PASS: campaign follows walkable route to (-6.6, 0.025, 5.5)
Harvested Copper x2.
PASS: campaign harvests naturally
PASS: campaign follows walkable route to (-9.2, 0.025, 5.5)
Harvested Copper x2.
PASS: campaign harvests naturally
PASS: campaign follows walkable route to (-11.8, 0.025, 5.5)
Harvested Copper x2.
PASS: campaign harvests naturally
PASS: campaign follows walkable route to (-4.0, 0.025, 8.099999)
Harvested Copper x2.
PASS: campaign harvests naturally
PASS: campaign follows walkable route to (-6.6, 0.025, 8.099999)
Harvested Copper x2.
PASS: campaign harvests naturally
PASS: campaign follows walkable route to (-9.2, 0.025, 8.099999)
Harvested Copper x2.
PASS: campaign harvests naturally
PASS: campaign follows walkable route to (-11.8, 0.025, 8.099999)
Harvested Copper x2.
PASS: campaign harvests naturally
PASS: campaign follows walkable route to (-4.5, 0.0, 0.1)
Workbench opened
PASS: campaign follows walkable route to (10.0, 0.0, 10.0)
CAMPAIGN_DAY {"ammo_before":473,"cleared":true,"damage":20.0,"day":10,"hp":80.0,"magazine":4,"medicine":0,"nodes":901,"reserve":333,"resources_after":{"copper":0,"lead":0,"paper":53,"seed_copper":0,"seed_lead":0,"seed_paper":0,"small_herb":0},"resources_before":{"copper":0,"lead":0,"paper":53,"seed_copper":0,"seed_lead":0,"seed_paper":0,"small_herb":0},"shots":136,"weapon":"Basic Rifle","zombies":24}
PASS: finite resource campaign survives Night 10
PASS: campaign follows walkable route to (-9.0, 0.0, -2.5)
PASS: campaign follows walkable route to (-9.0, 0.0, -6.5)
Resting until morning...
PASS: full finite-resource campaign reaches rescue ending
PHASE_10_CAMPAIGN_RESULT failures=0
