Godot Engine v4.7.stable.official.5b4e0cb0f - https://godotengine.org

ERROR: Failed to read the root certificate store.
   at: get_system_ca_certificates (platform/windows/os_windows.cpp:2582)
AUDIT clips=["CharacterArmature|Death", "CharacterArmature|Duck", "CharacterArmature|HitReact", "CharacterArmature|Idle", "CharacterArmature|Idle_Gun", "CharacterArmature|Jump", "CharacterArmature|Jump_Idle", "CharacterArmature|Jump_Land", "CharacterArmature|No", "CharacterArmature|Punch", "CharacterArmature|Run", "CharacterArmature|Run_Gun", "CharacterArmature|Run_Slash", "CharacterArmature|Run_Stab", "CharacterArmature|Slash", "CharacterArmature|Stab", "CharacterArmature|Walk", "CharacterArmature|Walk_Gun", "CharacterArmature|Wave", "CharacterArmature|Yes"] AnimationTrees=0
AUDIT skeleton=/root/Player/Visual/Matt/RootNode/CharacterArmature/Skeleton3D scale=(110.0, 110.0, 110.0)
AUDIT bone 0 Root parent=-1 rest=(-0.000007, 0.00124, -0.000013)
AUDIT bone 1 Foot.L parent=0 rest=(0.001559, 0.001477, 0.000217)
AUDIT bone 2 Body parent=0 rest=(0.000004, 0.000357, 0.0041)
AUDIT bone 3 Hips parent=2 rest=(-0.000003, 0.001676, 0.004033)
AUDIT bone 4 Abdomen parent=3 rest=(-0.000003, 0.001844, 0.00568)
AUDIT bone 5 Torso parent=4 rest=(-0.000003, 0.001623, 0.006892)
AUDIT bone 6 Neck parent=5 rest=(-0.000003, 0.000958, 0.008393)
AUDIT bone 7 Head parent=6 rest=(-0.000003, 0.000846, 0.009021)
AUDIT bone 8 Shoulder.L parent=5 rest=(0.000875, 0.000953, 0.006626)
AUDIT bone 9 UpperArm.L parent=8 rest=(0.001995, 0.001547, 0.007771)
AUDIT bone 10 LowerArm.L parent=9 rest=(0.003512, 0.002003, 0.006066)
AUDIT bone 11 Pinky1.L parent=10 rest=(0.003916, -0.000773, 0.004452)
AUDIT bone 12 Pinky2.L parent=11 rest=(0.004433, -0.001447, 0.003554)
AUDIT bone 13 Pinky3.L parent=12 rest=(0.00431, -0.002047, 0.003301)
AUDIT bone 14 Middle1.L parent=10 rest=(0.003916, -0.000773, 0.004452)
AUDIT bone 15 Middle2.L parent=14 rest=(0.004235, -0.002044, 0.003939)
AUDIT bone 16 Middle3.L parent=15 rest=(0.003984, -0.002547, 0.003713)
AUDIT bone 17 Index1.L parent=10 rest=(0.003916, -0.000773, 0.004452)
AUDIT bone 18 Index2.L parent=17 rest=(0.003899, -0.002206, 0.0046)
AUDIT bone 19 Index3.L parent=18 rest=(0.003689, -0.002725, 0.004402)
AUDIT bone 20 Thumb1.L parent=10 rest=(0.003916, -0.000773, 0.004452)
AUDIT bone 21 Thumb2.L parent=20 rest=(0.002924, -0.001771, 0.00537)
AUDIT bone 22 Shoulder.R parent=5 rest=(-0.000875, 0.000953, 0.006626)
AUDIT bone 23 UpperArm.R parent=22 rest=(-0.001995, 0.001547, 0.007771)
AUDIT bone 24 LowerArm.R parent=23 rest=(-0.003512, 0.002003, 0.006066)
AUDIT bone 25 Pinky1.R parent=24 rest=(-0.005097, 0.001552, 0.003281)
AUDIT bone 26 Pinky2.R parent=25 rest=(-0.006054, 0.001852, 0.002559)
AUDIT bone 27 Pinky3.R parent=26 rest=(-0.006321, 0.001931, 0.001957)
AUDIT bone 28 Middle1.R parent=24 rest=(-0.005097, 0.001552, 0.003281)
AUDIT bone 29 Middle2.R parent=28 rest=(-0.005996, 0.001178, 0.002265)
AUDIT bone 30 Middle3.R parent=29 rest=(-0.006309, 0.001056, 0.001761)
AUDIT bone 31 Index1.R parent=24 rest=(-0.005097, 0.001552, 0.003281)
AUDIT bone 32 Index2.R parent=31 rest=(-0.005638, 0.000461, 0.002509)
AUDIT bone 33 Index3.R parent=32 rest=(-0.005847, 0.000226, 0.002005)
AUDIT bone 34 Thumb1.R parent=24 rest=(-0.005097, 0.001552, 0.003281)
AUDIT bone 35 Thumb2.R parent=34 rest=(-0.004793, -0.000101, 0.003287)
AUDIT bone 36 UpperLeg.L parent=2 rest=(0.001216, 0.001447, 0.004191)
AUDIT bone 37 LowerLeg.L parent=36 rest=(0.001376, -0.000045, 0.00221)
AUDIT bone 38 UpperLeg.R parent=2 rest=(-0.001216, 0.001447, 0.004191)
AUDIT bone 39 LowerLeg.R parent=38 rest=(-0.001279, -0.000053, 0.002211)
AUDIT bone 40 PoleTarget.L parent=0 rest=(0.001252, -0.008543, 0.002576)
AUDIT bone 41 Foot.R parent=0 rest=(-0.001341, 0.001477, 0.000217)
AUDIT bone 42 PoleTarget.R parent=0 rest=(-0.001252, -0.008543, 0.002576)
AUDIT clip CharacterArmature|Idle length=1.0
AUDIT UpperArm.R pos=(-0.206125, 0.818491, -0.146748)
AUDIT LowerArm.R pos=(-0.378968, 0.634516, -0.188929)
AUDIT Middle1.R pos=(-0.566002, 0.336422, -0.134862)
AUDIT UpperArm.L pos=(0.206125, 0.818491, -0.146748)
AUDIT LowerArm.L pos=(0.378968, 0.634516, -0.188929)
AUDIT Middle1.L pos=(0.398948, 0.44175, 0.109746)
AUDIT clip CharacterArmature|Idle_Gun length=1.0
AUDIT UpperArm.R pos=(-0.206125, 0.818491, -0.146748)
AUDIT LowerArm.R pos=(-0.378968, 0.634516, -0.188929)
AUDIT Middle1.R pos=(-0.566002, 0.336422, -0.134862)
AUDIT UpperArm.L pos=(0.206125, 0.818491, -0.146748)
AUDIT LowerArm.L pos=(0.247286, 0.810804, 0.105735)
AUDIT Middle1.L pos=(0.255726, 0.800084, 0.461514)
AUDIT clip CharacterArmature|Jump_Idle length=0.5
AUDIT UpperArm.R pos=(-0.208254, 1.563362, -0.111633)
AUDIT LowerArm.R pos=(-0.312905, 1.61821, -0.338659)
AUDIT Middle1.R pos=(-0.412112, 1.508487, -0.662516)
AUDIT UpperArm.L pos=(0.208254, 1.563362, -0.111633)
AUDIT LowerArm.L pos=(0.320528, 1.433135, 0.077936)
AUDIT Middle1.L pos=(0.463656, 1.386664, 0.400611)
AUDIT clip CharacterArmature|Run length=0.70833331346512
AUDIT UpperArm.R pos=(-0.212716, 0.961006, -0.047299)
AUDIT LowerArm.R pos=(-0.37775, 0.774132, -0.105119)
AUDIT Middle1.R pos=(-0.54726, 0.480078, 0.002414)
AUDIT UpperArm.L pos=(0.211959, 0.960297, -0.04784)
AUDIT LowerArm.L pos=(0.354101, 0.80974, -0.19827)
AUDIT Middle1.L pos=(0.450883, 0.554636, 0.030465)
AUDIT clip CharacterArmature|Run_Gun length=0.70833331346512
AUDIT UpperArm.R pos=(-0.212716, 0.961006, -0.047299)
AUDIT LowerArm.R pos=(-0.37775, 0.774132, -0.105119)
AUDIT Middle1.R pos=(-0.54726, 0.480078, 0.002414)
AUDIT UpperArm.L pos=(0.211959, 0.960297, -0.04784)
AUDIT LowerArm.L pos=(0.228212, 0.916315, 0.20376)
AUDIT Middle1.L pos=(0.202881, 0.857441, 0.553983)
AUDIT clip CharacterArmature|Run_Slash length=0.70833331346512
AUDIT UpperArm.R pos=(-0.182392, 0.860774, -0.225788)
AUDIT LowerArm.R pos=(-0.291634, 0.63131, -0.256014)
AUDIT Middle1.R pos=(-0.423244, 0.333931, -0.11107)
AUDIT UpperArm.L pos=(0.25774, 0.894014, -0.241991)
AUDIT LowerArm.L pos=(0.382169, 1.047559, -0.07938)
AUDIT Middle1.L pos=(0.489475, 1.368355, -0.190463)
AUDIT clip CharacterArmature|Run_Stab length=0.70833331346512
AUDIT UpperArm.R pos=(-0.201545, 0.939042, 0.00006)
AUDIT LowerArm.R pos=(-0.358714, 0.78441, -0.129892)
AUDIT Middle1.R pos=(-0.561548, 0.501662, -0.205235)
AUDIT UpperArm.L pos=(0.213366, 0.949034, -0.034984)
AUDIT LowerArm.L pos=(0.233476, 0.764893, -0.211586)
AUDIT Middle1.L pos=(0.404181, 0.599035, 0.053208)
AUDIT clip CharacterArmature|Walk length=1.0
AUDIT UpperArm.R pos=(-0.20642, 0.973373, -0.092729)
AUDIT LowerArm.R pos=(-0.33598, 0.758982, -0.145186)
AUDIT Middle1.R pos=(-0.488831, 0.438409, -0.170355)
AUDIT UpperArm.L pos=(0.200993, 0.979488, -0.072292)
AUDIT LowerArm.L pos=(0.341155, 0.774351, -0.010854)
AUDIT Middle1.L pos=(0.374663, 0.544388, 0.258884)
AUDIT clip CharacterArmature|Walk_Gun length=1.0
AUDIT UpperArm.R pos=(-0.20642, 0.973373, -0.092729)
AUDIT LowerArm.R pos=(-0.33598, 0.758982, -0.145186)
AUDIT Middle1.R pos=(-0.488831, 0.438409, -0.170355)
AUDIT UpperArm.L pos=(0.200993, 0.979488, -0.072292)
AUDIT LowerArm.L pos=(0.244921, 0.970331, 0.179675)
AUDIT Middle1.L pos=(0.257363, 0.958084, 0.535287)
RIG_AUDIT_RESULT complete
