Godot Engine v4.7.stable.official.5b4e0cb0f - https://godotengine.org
OpenGL API 3.3.0 NVIDIA 610.74 - Compatibility - Using Device: NVIDIA - NVIDIA GeForce RTX 4060 Laptop GPU

ERROR: Failed to read the root certificate store.
   at: get_system_ca_certificates (platform/windows/os_windows.cpp:2582)
PASS: starter rifle data validates and equips slot one
PASS: owned starter rifle begins empty with no free reserve ammo
PASS: weapon visual and muzzle load, stowed in Farming
PASS: Farming LMB cannot shoot
Planted Lead Plant.
PASS: E plants ammunition crop 0
Planted Paper Plant.
PASS: E plants ammunition crop 1
Planted Copper Plant.
PASS: E plants ammunition crop 2
Harvested Lead x2.
PASS: E harvests ammunition crop 0
Harvested Paper x3.
PASS: E harvests ammunition crop 1
Harvested Copper x2.
PASS: E harvests ammunition crop 2
Workbench opened
PASS: Workbench UI crafts ten Basic Ammo from harvested materials
PASS: Combat displays equipped rifle
PASS: R starts timed reload and HUD; ammo remains in inventory until completion
PASS: reload spam completes once and transfers exactly ten crafted rounds
PASS: full magazine rejects reload
PASS: Combat requires RMB aim before firing
PASS: existing camera center ray aims at dummy
PASS: saved rendered image: phase5_aim
PASS: LMB muzzle hitscan applies twenty damage and consumes one magazine round
PASS: rapid LMB presses cannot bypass fire cooldown
PASS: shot originates at weapon muzzle
PASS: damage produces hit marker and dummy flash
PASS: saved rendered image: phase5_hit
PASS: five shots destroy the hundred-HP dummy
PASS: saved rendered image: phase5_destroyed
PASS: runtime magazine never modifies WeaponData
PASS: partial reserve reload transfers only available rounds
PASS: zero reserve rejects reload
PASS: switching to Farming cancels reload without consuming ammo
PASS: reload tops up only missing magazine capacity
PASS: switching weapon cancels previous reload and selects second data definition
PASS: semi-auto held LMB fires once
PASS: switch back remembers rifle magazine
PASS: second weapon retains its own magazine
PASS: inventory blocks shooting and closing does not resume held fire
PASS: Pause cancels reload without moving reserve ammo
Workbench opened
PASS: Workbench blocks aim, fire and reload
PASS: wall between muzzle and target receives hit
PASS: camera offset sees dummy past close muzzle obstruction
PASS: body-to-muzzle safety ray stops barrel-through-wall shooting
PASS: camera sees target while a separate obstacle blocks the muzzle ray
PASS: muzzle-to-target ray hits offset obstruction
PASS: muzzle converges on crosshair target at z=-0.5
PASS: muzzle converges on crosshair target at z=-18.0
PASS: weapon range is measured from muzzle and limits distant damage
PASS: automatic fire rate agrees at 30 and 120 updates per second
PASS: empty magazine provides feedback and cannot go negative
PASS: invalid weapon data reports actionable errors
PASS: disabled debug cannot grant ammunition
PASS: enabled debug grants a finite thirty-round stack
PASS: unequipping all slots removes weapon visual and safely disables fire
PASS: reequip restores existing runtime without refilling magazine
PASS: death blocks weapon actions
PASS: R still restarts after death with a fresh starter rifle
PHASE_5_WEAPON_RESULT failures=0
